// Jest Snapshot v1, https://goo.gl/fbAQLP

exports[`CharacterCard should match the snapshot 1`] = `
<div
  className="Character-Card favorite"
>
  <h2>
    Luke Skywalker
  </h2>
  <h3>
    Homeworld: 
    Tattooine
  </h3>
  <h3>
    Population: 
    200000
  </h3>
  <h3>
    Species: 
    human
  </h3>
  <ul>
    Films: 
    <li
      key="blah"
    >
      blah
    </li>
    <li
      key="blah"
    >
      blah
    </li>
  </ul>
  <div
    className="div-favorite"
  >
    <button
      id="Luke Skywalker"
      onClick={[Function]}
    >
      Remove Favorite
    </button>
  </div>
</div>
`;
