// Jest Snapshot v1, https://goo.gl/fbAQLP

exports[`MovieCard should match the snapshot 1`] = `
<div
  className="Movie-Card"
>
  <h2>
    Bad Prequel
  </h2>
  <h3>
    Episode: 
    1
  </h3>
  <h3>
    Released in 
    2001
  </h3>
  <Link
    onClick={[MockFunction]}
    to="/movies/3"
  >
    <button
      id={3}
    >
      Explore Characters
    </button>
  </Link>
</div>
`;
